
LENOVO@DESKTOP-5EK2RPI MINGW64 ~
$ cd desktop

LENOVO@DESKTOP-5EK2RPI MINGW64 ~/desktop (master)
$ mkdir fred229p

LENOVO@DESKTOP-5EK2RPI MINGW64 ~/desktop (master)
$ cd fred229p

LENOVO@DESKTOP-5EK2RPI MINGW64 ~/desktop/fred229p (master)
$ echo Hello wordl>text.txt

LENOVO@DESKTOP-5EK2RPI MINGW64 ~/desktop/fred229p (master)
$ git init
Initialized empty Git repository in C:/Users/LENOVO/Desktop/fred229p/.git/

LENOVO@DESKTOP-5EK2RPI MINGW64 ~/desktop/fred229p (master)
$ git status
On branch master

No commits yet

Untracked files:
  (use "git add <file>..." to include in what will be committed)
        text.txt

nothing added to commit but untracked files present (use "git add" to track)

LENOVO@DESKTOP-5EK2RPI MINGW64 ~/desktop/fred229p (master)
$ git add text.txt
warning: in the working copy of 'text.txt', LF will be replaced by CRLF the next time Git touches it

LENOVO@DESKTOP-5EK2RPI MINGW64 ~/desktop/fred229p (master)
$ git status
On branch master

No commits yet

Changes to be committed:
  (use "git rm --cached <file>..." to unstage)
        new file:   text.txt


LENOVO@DESKTOP-5EK2RPI MINGW64 ~/desktop/fred229p (master)
$ git add text.txt

LENOVO@DESKTOP-5EK2RPI MINGW64 ~/desktop/fred229p (master)
$ git status
On branch master

No commits yet

Changes to be committed:
  (use "git rm --cached <file>..." to unstage)
        new file:   text.txt


LENOVO@DESKTOP-5EK2RPI MINGW64 ~/desktop/fred229p (master)
$ git commit -m "first commit"
Author identity unknown

*** Please tell me who you are.

Run

  git config --global user.email "you@example.com"
  git config --global user.name "Your Name"

to set your account's default identity.
Omit --global to set the identity only in this repository.

fatal: unable to auto-detect email address (got 'LENOVO@DESKTOP-5EK2RPI.(none)')

LENOVO@DESKTOP-5EK2RPI MINGW64 ~/desktop/fred229p (master)
$ git config --global user.name "MansurovF"

LENOVO@DESKTOP-5EK2RPI MINGW64 ~/desktop/fred229p (master)
$ git config --global user.mail "faridrma@code.edu.az"

LENOVO@DESKTOP-5EK2RPI MINGW64 ~/desktop/fred229p (master)
$ git remote add origin "https://github.com/MansurovF/Test.git"

LENOVO@DESKTOP-5EK2RPI MINGW64 ~/desktop/fred229p (master)
$ git push -u origin master
error: src refspec master does not match any
error: failed to push some refs to 'https://github.com/MansurovF/Test.git'

LENOVO@DESKTOP-5EK2RPI MINGW64 ~/desktop/fred229p (master)
$ git status
On branch master

No commits yet

Changes to be committed:
  (use "git rm --cached <file>..." to unstage)
        new file:   text.txt


LENOVO@DESKTOP-5EK2RPI MINGW64 ~/desktop/fred229p (master)
$ git commit -m "first commit2"
Author identity unknown

*** Please tell me who you are.

Run

  git config --global user.email "you@example.com"
  git config --global user.name "Your Name"

to set your account's default identity.
Omit --global to set the identity only in this repository.

fatal: unable to auto-detect email address (got 'LENOVO@DESKTOP-5EK2RPI.(none)')

LENOVO@DESKTOP-5EK2RPI MINGW64 ~/desktop/fred229p (master)
$ git config --global user.name "faridrma"

LENOVO@DESKTOP-5EK2RPI MINGW64 ~/desktop/fred229p (master)
$ git config --global user.mail "faridrma@code.edu.az"

LENOVO@DESKTOP-5EK2RPI MINGW64 ~/desktop/fred229p (master)
$ git config --global user.email "faridrma@code.edu.az"

LENOVO@DESKTOP-5EK2RPI MINGW64 ~/desktop/fred229p (master)
$ git remote add origin "https://github.com/MansurovF/Test.git"
error: remote origin already exists.

LENOVO@DESKTOP-5EK2RPI MINGW64 ~/desktop/fred229p (master)
$ git push
fatal: The current branch master has no upstream branch.
To push the current branch and set the remote as upstream, use

    git push --set-upstream origin master

To have this happen automatically for branches without a tracking
upstream, see 'push.autoSetupRemote' in 'git help config'.


LENOVO@DESKTOP-5EK2RPI MINGW64 ~/desktop/fred229p (master)
$ mkdir folder01

LENOVO@DESKTOP-5EK2RPI MINGW64 ~/desktop/fred229p (master)
$ rm folder01
rm: cannot remove 'folder01': Is a directory

LENOVO@DESKTOP-5EK2RPI MINGW64 ~/desktop/fred229p (master)
$ rm -r folder01

LENOVO@DESKTOP-5EK2RPI MINGW64 ~/desktop/fred229p (master)
$ mkdir fred229p

LENOVO@DESKTOP-5EK2RPI MINGW64 ~/desktop/fred229p (master)
$
